
<ul>
<li>Apple<br>tastes good
<br><br>indeed
</li>
</ul>
