
<ul>
<li>Apple<br>tastes good
<br><br>indeed
</li>
</ul>

<ol>
<li>Banana<br>is tasty
<br><br>yes indeed
</li>
</ol>

<ul>
<li>Carrot<br>is crunchy
<br><br>yes
</li>
</ul>

