
<ul>
<li>Apple<br>Is <tt>good</tt>
<br><br><i>for</i> <b>you</b>
</li>
</ul>

