
<ul>
<li>Apple<br>is neat
<br><br>yes indeed
</li>
</ul>

