<h1><a name="Main_Header">Main Header</a></h1>
<h2><a name="First_Chapter">First Chapter</a></h2>
<h3><a name="Introduction">Introduction</a></h3>
<p>Welcome you, welcome, welcome, welcome. I have absolutely nothing to say, so here goes nothing...</p>
<p>We have two paragraphs.</p>
<p>No, three paragraphs. <br>
And this one is broken into several <br>
lines.</p>
<p>If a paragraph starts with one to three spaces of indentation it will be "unwrapped" until... <br>
  The next indented line.</p>
<p>You can write <b>bold</b> statements. And <u>underline</u> of course. <i>Italic</i> is written just like that. Enclose text in "grave accents" for teletype, <tt>like this</tt>.</p>
<p>Urls, like <a href="http://www.soniccharge.com">http://www.soniccharge.com</a> automatically turns into href's.</p>
<p>A single line of <tt>==========</tt> (at least 10 of them) creates a horizontal divider.</p>
<hr>
<p>If you write the exact name of a header in this file it will become a reference. Like this: see <a href="#Interesting_Fruits">Interesting Fruits</a>. But only if this section isn't under the header you reference. So Main Header, First Chapter and Introduction won't become references right now.</p>
<p>Local images can be inserted like this:</p>
<p><img src="sleigh.jpg" alt=""></p>
<p>(recognized extensions are <tt>jpg</tt>, <tt>png</tt> and <tt>gif</tt>).</p>
<p>You can also insert remote images like this: <img src="http://www.soniccharge.com/images/flags/SE.png" alt=""></p>
<p>Local <tt>.txt</tt> and <tt>.html</tt> files can be referenced by simply writing a filename anywhere like this: <a href="test.html">test</a>. You can even reference an anchor inside a local html file. For example: <a href="test.html#Interesting_Fruits">test</a>.</p>
<p><tt>^</tt> can be used for superscript in mathematical expressions, for example: x<sup>3</sup>*5 + x<sup>7 * y</sup>. (Requirement: no space around <tt>^</tt> but at least one space somewhere before next <tt>^</tt>.)</p>
<p>One or more asterisks after a word creates a reference to a footnote<a href="#fn0001"><sup>**</sup></a>...</p>
<p><small><a name="fn0001"><sup>**</sup> which must be defined sooner or later</a></small></p>
<h3><a name="Interesting_Fruits">Interesting Fruits</a></h3>
<p>Lists are identified by 1), 2), 3) etc (for ordered lists) and *) or - (for unordered lists). With proper indentation you can create lists beneath other lists.</p>

<ol>
<li>Apple<br>Is <tt>good</tt>
<br><br><i>for</i> <b>you</b>
<br></li>
<li>Orange<br><br>Beginning of sub-list
<br><br>
<ul>
<li>Hey<br>
<ol>
<li>sub-list<br></li>
<li>yeah</li>
</ol>
</li>
<li>You</li>
<li>The <b>rock</b> steady <i>crew</i></li>
</ul>
<br>End of sub-list
</li>
</ol>

<ol>
<li>Banana<br>
<ul>
<li>boat<br></li>
<li>party<br>
<ul>
<li>night</li>
</ul>
tonight
<br></li>
<li>keep this<br>hard wrap
<br></li>
<li>soften this wrap
 and this wrap
<br>but break before but there
 but not here
</li>
</ul>
<br>and extra space
<br>before this section of two lines
</li>
</ol>

<ol>
<li><a href="http://www.soniccharge.com">http://www.soniccharge.com</a>. Cool place to hang out.<br><br></li>
<li>one<br></li>
<li>two<br></li>
<li>three<br></li>
</ol>
Examples
<br>--------
<p>Examples are indented by four or more spaces and they will be put into &lt;pre&gt; &lt;/pre&gt; sections. Take a look at the following example:</p>
<pre>This is an example.<br>+-----------------------------+<br>|It uses a preformatted style.|<br>+-----------------------------+<br><br>and it continues to here.<br></pre>
<p>But stops here.</p>
<h3><a name="Tables">Tables</a></h3>
<p>Tables are created when a section contains a line with two or more consecutive spaces. These spaces divide the cells horizontally.</p>
<p>This is a table without headers:</p>
<table>
<tr>
<td>various</td><td>things</td><td>arranged</td>
</tr>
<tr>
<td>in</td><td>a</td><td>three</td>
</tr>
<tr>
<td>by</td><td>three</td><td>square</td>
</tr>
</table>
<p>Cells can expand horizontally like this:</p>
<table>
<tr>
<td colspan=3>this is a long cell</td>
</tr>
<tr>
<td>shorter</td><td>cells</td><td>here</td>
</tr>
<tr>
<td>&nbsp;</td><td colspan=2>double cell</td>
</tr>
<tr>
<td>just 1</td><td>&nbsp;</td><td>&nbsp;</td>
</tr>
</table>
<p>This is a table with column headers:</p>
<table>
<tr>
<th>Year</th><th>Xylophones</th><th>Rusty nails</th><th>Unpolished bicycles</th>
</tr>
<tr>
<th>1972</th><td>309</td><td>17</td><td>5.5</td>
</tr>
<tr>
<th>1979</th><td>292</td><td>21293921</td><td>0</td>
</tr>
<tr>
<th>1993</th><td>N/A</td><td>1</td><td>-5</td>
</tr>
<tr>
<td>&nbsp;</td><td>&nbsp;</td><td>&nbsp;</td><td><i>(returned five)</i></td>
</tr>
<tr>
<th>2009</th><td>- " -</td><td>2</td><td>10</td>
</tr>
</table>
<p>This is a table with row headers (remember, at least two spaces before and after <tt>:</tt>):</p>
<table>
<tr>
<th>First attempt</th><td>failed miserably</td>
</tr>
<tr>
<th>Second attempt</th><td>things are getting better</td>
</tr>
<tr>
<th>Third attempt</th><td>wooh, we are getting close now</td>
</tr>
<tr>
<th>Fourth attempt</th><td>oh no, back to square 1</td>
</tr>
</table>
<pre>// run('tools/htmlifyFile.pika'); save('examples/test.html', htmlify(load('examples/test.txt')))<br></pre>
